###############################################################################
#
# IAR ANSI C/C++ Compiler V7.40.1.8447/W32 for ARM        25/Apr/2015  18:56:40
# Copyright 1999-2015 IAR Systems AB.
#
#    Cpu mode     =  thumb
#    Endian       =  little
#    Source file  =  
#        C:\Texas Instruments\Z-Stack Mesh
#        1.0.0\Components\hal\target\CC2538\New folder\hal_systick.c
#    Command line =  
#        "C:\Texas Instruments\Z-Stack Mesh
#        1.0.0\Components\hal\target\CC2538\New folder\hal_systick.c" -D
#        FEATURE_RESET_MACRO -D ewarm -D NWK_AUTO_POLL -D xPOWER_SAVING -D
#        ZTOOL_P1 -D xMT_TASK -D xMT_SYS_FUNC -D xMT_ZDO_FUNC -D
#        LCD_SUPPORTED=TRUE -D CC2538_USE_ALTERNATE_INTERRUPT_MAP=1
#        --preprocess=cl
#        C:\Users\TimT\Documents\SandBox\ZIGBEE_WATCH_dev\Debug\List\ -lC
#        C:\Users\TimT\Documents\SandBox\ZIGBEE_WATCH_dev\Debug\List\ -lB
#        C:\Users\TimT\Documents\SandBox\ZIGBEE_WATCH_dev\Debug\List\
#        --diag_suppress Pa082 -o
#        C:\Users\TimT\Documents\SandBox\ZIGBEE_WATCH_dev\Debug\Obj\ --no_cse
#        --no_unroll --no_inline --no_code_motion --no_tbaa --no_clustering
#        --no_scheduling --debug --endian=little --cpu=Cortex-M3 -f
#        C:\Users\TimT\Documents\SandBox\ZIGBEE_WATCH_dev\f8wConfig.cfg
#        (-DZIGBEEPRO -DSECURE=0 -DZG_SECURE_DYNAMIC=0 -DREFLECTOR
#        -DDEFAULT_CHANLIST=0x07FFF800 -DZDAPP_CONFIG_PAN_ID=0xFFFF
#        -DNWK_START_DELAY=100 -DEXTENDED_JOINING_RANDOM_MASK=0x007F
#        -DBEACON_REQUEST_DELAY=100 -DBEACON_REQ_DELAY_MASK=0x00FF
#        -DLINK_STATUS_JITTER_MASK=0x007F -DROUTE_EXPIRY_TIME=30
#        -DAPSC_ACK_WAIT_DURATION_POLLED=3000 -DNWK_INDIRECT_MSG_TIMEOUT=7
#        -DMAX_RREQ_ENTRIES=8 -DAPSC_MAX_FRAME_RETRIES=3
#        -DNWK_MAX_DATA_RETRIES=2 -DMAX_POLL_FAILURE_RETRIES=2 -DMAX_BCAST=9
#        -DAPS_MAX_GROUPS=16 -DMAX_RTG_ENTRIES=40 -DNWK_MAX_BINDING_ENTRIES=4
#        -DMAX_BINDING_CLUSTER_IDS=4 "-DDEFAULT_KEY={0x01, 0x03, 0x05, 0x07,
#        0x09, 0x0B, 0x0D, 0x0F, 0x00, 0x02, 0x04, 0x06, 0x08, 0x0A, 0x0C,
#        0x0D}" -DMAC_MAX_FRAME_SIZE=116 -DZDNWKMGR_MIN_TRANSMISSIONS=20
#        -DRFD_RCVC_ALWAYS_ON=FALSE -DPOLL_RATE=1000 -DQUEUED_POLL_RATE=100
#        -DRESPONSE_POLL_RATE=100 -DREJOIN_POLL_RATE=440) -f
#        C:\Users\TimT\Documents\SandBox\ZIGBEE_WATCH_dev\f8wEndev.cfg
#        (-DMAC_CFG_TX_DATA_MAX=3 -DMAC_CFG_TX_MAX=6 -DMAC_CFG_RX_MAX=3) -e
#        --fpu=None --dlib_config "C:\Program Files (x86)\IAR Systems\Embedded
#        Workbench 7.2\arm\INC\c\DLib_Config_Normal.h" -I
#        C:\Users\TimT\Documents\SandBox\ZIGBEE_WATCH_dev\..\Source\ -I
#        "C:\Texas Instruments\Z-Stack Mesh
#        1.0.0\Projects\zstack\ZMain\TI2538DB\" -I "C:\Texas
#        Instruments\Z-Stack Mesh 1.0.0\Components\hal\include\" -I "C:\Texas
#        Instruments\Z-Stack Mesh 1.0.0\Components\hal\target\CC2538\" -I
#        "C:\Texas Instruments\Z-Stack Mesh
#        1.0.0\Components\driverlib\cc2538\inc\" -I "C:\Texas
#        Instruments\Z-Stack Mesh 1.0.0\Components\driverlib\cc2538\source\" -I
#        "C:\Texas Instruments\Z-Stack Mesh
#        1.0.0\Components\bsp\srf06eb_cc2538\drivers\source\" -I "C:\Texas
#        Instruments\Z-Stack Mesh 1.0.0\Components\mac\include\" -I "C:\Texas
#        Instruments\Z-Stack Mesh 1.0.0\Components\mac\high_level\" -I
#        "C:\Texas Instruments\Z-Stack Mesh
#        1.0.0\Components\mac\low_level\srf05\single_chip\" -I "C:\Texas
#        Instruments\Z-Stack Mesh 1.0.0\Components\mac\low_level\srf05\" -I
#        "C:\Texas Instruments\Z-Stack Mesh 1.0.0\Components\mt\" -I "C:\Texas
#        Instruments\Z-Stack Mesh 1.0.0\Components\osal\include\" -I "C:\Texas
#        Instruments\Z-Stack Mesh 1.0.0\Components\services\sdata\" -I
#        "C:\Texas Instruments\Z-Stack Mesh 1.0.0\Components\services\saddr\"
#        -I "C:\Texas Instruments\Z-Stack Mesh 1.0.0\Components\stack\af\" -I
#        "C:\Texas Instruments\Z-Stack Mesh 1.0.0\Components\stack\nwk\" -I
#        "C:\Texas Instruments\Z-Stack Mesh 1.0.0\Components\stack\sapi\" -I
#        "C:\Texas Instruments\Z-Stack Mesh 1.0.0\Components\stack\sec\" -I
#        "C:\Texas Instruments\Z-Stack Mesh 1.0.0\Components\stack\sys\" -I
#        "C:\Texas Instruments\Z-Stack Mesh 1.0.0\Components\stack\zdo\" -I
#        "C:\Texas Instruments\Z-Stack Mesh 1.0.0\Components\zmac\" -I
#        "C:\Texas Instruments\Z-Stack Mesh 1.0.0\Components\zmac\f8w\" -Ol
#    List file    =  
#        C:\Users\TimT\Documents\SandBox\ZIGBEE_WATCH_dev\Debug\List\hal_systick.lst
#    Object file  =  
#        C:\Users\TimT\Documents\SandBox\ZIGBEE_WATCH_dev\Debug\Obj\hal_systick.o
#
###############################################################################

C:\Texas Instruments\Z-Stack Mesh 1.0.0\Components\hal\target\CC2538\New folder\hal_systick.c
      1          /**************************************************************************************************
      2            Filename:       _hal_systick.c
      3            Revised:        $Date: 2013-05-17 11:25:11 -0700 (Fri, 17 May 2013) $
      4            Revision:       $Revision: 34355 $
      5          
      6            Description:    This module contains the HAL power management procedures for the CC2538.
      7          
      8          
      9            Copyright 2006-2012 Texas Instruments Incorporated. All rights reserved.
     10          
     11            IMPORTANT: Your use of this Software is limited to those specific rights
     12            granted under the terms of a software license agreement between the user
     13            who downloaded the software, his/her employer (which must be your employer)
     14            and Texas Instruments Incorporated (the "License").  You may not use this
     15            Software unless you agree to abide by the terms of the License. The License
     16            limits your use, and you acknowledge, that the Software may not be modified,
     17            copied or distributed unless embedded on a Texas Instruments microcontroller
     18            or used solely and exclusively in conjunction with a Texas Instruments radio
     19            frequency transceiver, which is integrated into your product.  Other than for
     20            the foregoing purpose, you may not use, reproduce, copy, prepare derivative
     21            works of, modify, distribute, perform, display or sell this Software and/or
     22            its documentation for any purpose.
     23          
     24            YOU FURTHER ACKNOWLEDGE AND AGREE THAT THE SOFTWARE AND DOCUMENTATION ARE
     25            PROVIDED “AS IS” WITHOUT WARRANTY OF ANY KIND, EITHER EXPRESS OR IMPLIED,
     26            INCLUDING WITHOUT LIMITATION, ANY WARRANTY OF MERCHANTABILITY, TITLE,
     27            NON-INFRINGEMENT AND FITNESS FOR A PARTICULAR PURPOSE. IN NO EVENT SHALL
     28            TEXAS INSTRUMENTS OR ITS LICENSORS BE LIABLE OR OBLIGATED UNDER CONTRACT,
     29            NEGLIGENCE, STRICT LIABILITY, CONTRIBUTION, BREACH OF WARRANTY, OR OTHER
     30            LEGAL EQUITABLE THEORY ANY DIRECT OR INDIRECT DAMAGES OR EXPENSES
     31            INCLUDING BUT NOT LIMITED TO ANY INCIDENTAL, SPECIAL, INDIRECT, PUNITIVE
     32            OR CONSEQUENTIAL DAMAGES, LOST PROFITS OR LOST DATA, COST OF PROCUREMENT
     33            OF SUBSTITUTE GOODS, TECHNOLOGY, SERVICES, OR ANY CLAIMS BY THIRD PARTIES
     34            (INCLUDING BUT NOT LIMITED TO ANY DEFENSE THEREOF), OR OTHER SIMILAR COSTS.
     35          
     36            Should you have any questions regarding your right to use this Software,
     37            contact Texas Instruments Incorporated at www.TI.com.
     38          **************************************************************************************************/
     39          
     40          /* ------------------------------------------------------------------------------------------------
     41           *                                          Includes
     42           * ------------------------------------------------------------------------------------------------
     43           */
     44          #include "OSAL.h"
     45          #include "OSAL_Clock.h"
     46          #include "hal_systick.h"
     47          #include "hal_mcu.h"
     48          
     49          #include "hw_nvic.h"
     50          #include "hw_ints.h"
     51          
     52          /* ------------------------------------------------------------------------------------------------
     53           *                                          Macros
     54           * ------------------------------------------------------------------------------------------------
     55           */
     56          #define SYSTICK 1000 /* 1 millisecond = 1/SYSTICK */
     57          #define TICK_IN_MS 1 /* 1 millisecond */ 
     58          
     59          void SysTickIntHandler(void);
     60          /* ------------------------------------------------------------------------------------------------
     61           *                                      Function Prototypes
     62           * ------------------------------------------------------------------------------------------------
     63           */
     64          
     65          /***************************************************************************************************
     66           * @fn      SysTickIntHandler
     67           *
     68           * @brief   The Systick Interrupt module
     69           *
     70           * @param   None
     71           *
     72           * @return  None
     73           ***************************************************************************************************/

   \                                 In section .text, align 2, keep-with-next
     74          void SysTickIntHandler(void)
     75          {
   \                     SysTickIntHandler: (+1)
   \   00000000   0xB580             PUSH     {R7,LR}
     76            /* Update OSAL timer and clock */
     77            osalAdjustTimer(TICK_IN_MS);
   \   00000002   0x2001             MOVS     R0,#+1
   \   00000004   0x.... 0x....      BL       osalAdjustTimer
     78            
     79            /* Clear Sleep Mode */
     80            CLEAR_SLEEP_MODE();
     81          }
   \   00000008   0xBD01             POP      {R0,PC}          ;; return
     82          
     83          /***************************************************************************************************
     84           * @fn      SysTickSetup
     85           *
     86           * @brief   Setup the Systick module
     87           *
     88           * @param   None
     89           *
     90           * @return  None
     91           ***************************************************************************************************/

   \                                 In section .text, align 2, keep-with-next
     92          void SysTickSetup(void)
     93          {
   \                     SysTickSetup: (+1)
   \   00000000   0xB580             PUSH     {R7,LR}
     94            unsigned long clockval;
     95            clockval = SysCtrlClockGet();
   \   00000002   0x.... 0x....      BL       SysCtrlClockGet
     96            clockval /= SYSTICK; 
   \   00000006   0xF44F 0x717A      MOV      R1,#+1000
   \   0000000A   0xFBB0 0xF0F1      UDIV     R0,R0,R1
     97            
     98            /* 1ms period for systick */
     99            SysTickPeriodSet(clockval); 
   \   0000000E   0x.... 0x....      BL       SysTickPeriodSet
    100            
    101            /* Enable SysTick */
    102            SysTickEnable();
   \   00000012   0x.... 0x....      BL       SysTickEnable
    103            
    104            /* Enable Systick interrupt */
    105            SysTickIntEnable();
   \   00000016   0x.... 0x....      BL       SysTickIntEnable
    106          }
   \   0000001A   0xBD01             POP      {R0,PC}          ;; return
    107          

   Maximum stack usage in bytes:

   .cstack Function
   ------- --------
       8   SysTickIntHandler
         8   -> osalAdjustTimer
       8   SysTickSetup
         8   -> SysCtrlClockGet
         8   -> SysTickEnable
         8   -> SysTickIntEnable
         8   -> SysTickPeriodSet


   Section sizes:

   Bytes  Function/Label
   -----  --------------
      10  SysTickIntHandler
      28  SysTickSetup

 
 38 bytes in section .text
 
 38 bytes of CODE memory

Errors: none
Warnings: none
